// Jest Snapshot v1, https://goo.gl/fbAQLP

exports[`Contact renders correctly 1`] = `
<DocumentFragment>
  <div
    class="contact"
  >
    <a
      class="contact__link"
      href="mailto:camillaprieststephens@gmail.com"
    >
      <img
        alt="email icon"
        class="contact__icon"
        src="email-icon.png"
      />
    </a>
    <a
      href="https://www.linkedin.com/in/camilla-priest-stephens/"
      target="_blank"
    >
      <img
        alt="LinkedIn icon"
        class="contact__icon"
        src="linkedin-icon.png"
      />
    </a>
    <a
      href="https://twitter.com/Camilla_Codes"
      target="_blank"
    >
      <img
        alt="X icon"
        class="contact__icon"
        src="x-icon.png"
      />
    </a>
    <a
      href="https://github.com/cprieststephens"
      target="_blank"
    >
      <img
        alt="Github icon"
        class="contact__icon"
        src="github-icon.png"
      />
    </a>
  </div>
</DocumentFragment>
`;
