// Jest Snapshot v1, https://goo.gl/fbAQLP

exports[`Projects renders correctly 1`] = `
<DocumentFragment>
  <div
    class="projects"
  >
    <div
      class="projects-item"
    >
      <h1>
        Cocktail Companion
      </h1>
      <a
        href="https://www.cocktailcompanion.bar/"
        target="_blank"
      >
        <img
          alt="Cocktail Companion screenshot"
          class="projects-item__image"
          src="cocktail-companion.jpg"
        />
      </a>
      <p
        class="projects-item__description"
      >
        A cocktail mixing app that displays API data and allows users to search for drinks by name, filter by spirit and view ingredients and instructions.
      </p>
      <p
        class="projects-item__description"
      >
        Collaboratively built with React, JavaScript, CSS, Jest and React Testing Library.
      </p>
      <p
        class="projects-item__description"
      >
        <a
          class="projects-item__repo"
          href="https://github.com/josenymad/cocktail-companion"
          target="_blank"
        >
          View the repo here
        </a>
        <a
          class="projects-item__repo"
          href="https://www.youtube.com/watch?v=9MXMxw37I-k"
          target="_blank"
        >
          <span>
             and presentation here.
          </span>
        </a>
      </p>
    </div>
    <div
      class="projects-item"
    >
      <h1>
        Surreal Estate
      </h1>
      <img
        alt="Surreal Estate screenshot"
        class="projects-item__image"
        src="surreal-estate.jpg"
      />
      <p
        class="projects-item__description"
      >
        A property listing app that allows users to view property data via an API. Signed in users can also add and remove data. This project is currently in progress.
      </p>
      <p
        class="projects-item__description"
      >
        Built with React, JavaScript, CSS, Firebase, Jest and React Testing Library.
      </p>
      <p
        class="projects-item__description"
      >
        <a
          class="projects-item__repo"
          href="https://github.com/cprieststephens/surreal-estate"
          target="_blank"
        >
          View the repo here.
        </a>
      </p>
    </div>
    <div
      class="projects-item"
    >
      <h1>
        Weather App
      </h1>
      <a
        href="https://check-the-forecast.netlify.app/"
        target="_blank"
      >
        <img
          alt="Weather App screenshot"
          class="projects-item__image"
          src="weather-app.jpg"
        />
      </a>
      <p
        class="projects-item__description"
      >
        A weather app that allows users to search by city to fetch forecast data from an API. Users can also access a more detailed forecast for each date by clicking a button.
      </p>
      <p
        class="projects-item__description"
      >
        Built with React, JavaScript, CSS, Jest and React Testing Library.
      </p>
      <p
        class="projects-item__description"
      >
        <a
          class="projects-item__repo"
          href="https://github.com/cprieststephens/weather-app"
          target="_blank"
        >
          View the repo here.
        </a>
      </p>
    </div>
  </div>
</DocumentFragment>
`;
